/home/xiao20244352113/miniconda3/lib/python3.10/site-packages/qpsolvers/solvers/__init__.py:1087: UserWarning: no QP solver found on your system, you can install solvers from PyPI by ``pip install qpsolvers[open_source_solvers]``
  warnings.warn(
/home/xiao20244352113/avalanche-master/avalanche/training/plugins/replay.py:123: DeprecationWarning: Call to deprecated function update (removal in version 0.7: switch to pre_adapt and post_adapt)
  self.storage_policy.update(strategy, **kwargs)
/home/xiao20244352113/avalanche-master/avalanche/training/plugins/replay.py:123: DeprecationWarning: Call to deprecated function update (removal in version 0.7: switch to pre_adapt and post_adapt)
  self.storage_policy.update(strategy, **kwargs)
/home/xiao20244352113/avalanche-master/avalanche/training/plugins/replay.py:123: DeprecationWarning: Call to deprecated function update (removal in version 0.7: switch to pre_adapt and post_adapt)
  self.storage_policy.update(strategy, **kwargs)
/home/xiao20244352113/avalanche-master/avalanche/training/plugins/replay.py:123: DeprecationWarning: Call to deprecated function update (removal in version 0.7: switch to pre_adapt and post_adapt)
  self.storage_policy.update(strategy, **kwargs)
/home/xiao20244352113/avalanche-master/avalanche/training/plugins/replay.py:123: DeprecationWarning: Call to deprecated function update (removal in version 0.7: switch to pre_adapt and post_adapt)
  self.storage_policy.update(strategy, **kwargs)
/home/xiao20244352113/avalanche-master/avalanche/training/plugins/replay.py:123: DeprecationWarning: Call to deprecated function update (removal in version 0.7: switch to pre_adapt and post_adapt)
  self.storage_policy.update(strategy, **kwargs)
/home/xiao20244352113/avalanche-master/avalanche/training/plugins/replay.py:123: DeprecationWarning: Call to deprecated function update (removal in version 0.7: switch to pre_adapt and post_adapt)
  self.storage_policy.update(strategy, **kwargs)
/home/xiao20244352113/avalanche-master/avalanche/training/plugins/replay.py:123: DeprecationWarning: Call to deprecated function update (removal in version 0.7: switch to pre_adapt and post_adapt)
  self.storage_policy.update(strategy, **kwargs)
/home/xiao20244352113/avalanche-master/avalanche/training/plugins/replay.py:123: DeprecationWarning: Call to deprecated function update (removal in version 0.7: switch to pre_adapt and post_adapt)
  self.storage_policy.update(strategy, **kwargs)
/home/xiao20244352113/avalanche-master/avalanche/training/plugins/replay.py:123: DeprecationWarning: Call to deprecated function update (removal in version 0.7: switch to pre_adapt and post_adapt)
  self.storage_policy.update(strategy, **kwargs)
=== Running lpr on equal_exposure_blurry_cifar100 ===
Files already downloaded and verified
Files already downloaded and verified
[lpr] train experience 0
[lpr] train experience 1
[lpr] train experience 2
[lpr] train experience 3
[lpr] train experience 4
[lpr] train experience 5
[lpr] train experience 6
[lpr] train experience 7
[lpr] train experience 8
[lpr] train experience 9
Saved all results to: /home/xiao20244352113/avalanche-master/results/rbcl/lpr_baseline_pattern_recognition/equal_exposure_blurry_cifar100/seed_222/all_results.json
